// Jest Snapshot v1, https://goo.gl/fbAQLP

exports[`should add a "scroll & resize" EventListener of window 1`] = `
Object {
  "error": [Function],
  "resize": [Function],
  "scroll": [Function],
  "wheel": [Function],
}
`;
